
> neurolingua@0.1.0 build
> react-scripts build

Creating an optimized production build...
[BABEL] Note: The code generator has deoptimised the styling of /home/ninja/freelance/gop-f/src/assets/image/Mar-Business_18 1.svg as it exceeds the max of 500KB.
[BABEL] Note: The code generator has deoptimised the styling of undefined as it exceeds the max of 500KB.
Compiled with warnings.

[eslint] 
src/components/templates/admin/cancelledSessions/CancelledSessionTable.js
  Line 5:8:    'Expand' is defined but never used                           no-unused-vars
  Line 9:31:   'setSelectedTransaction' is assigned a value but never used  no-unused-vars
  Line 39:35:  'amount' is assigned a value but never used                  no-unused-vars

src/components/templates/admin/dashboard/index.js
  Line 7:8:  'non_verified' is defined but never used  no-unused-vars

src/components/templates/admin/languages/language.js
  Line 22:6:  React Hook React.useEffect has a missing dependency: 'formValues'. Either include it or remove the dependency array  react-hooks/exhaustive-deps

src/components/templates/admin/teachers/index.js
  Line 28:6:   React Hook React.useEffect has a missing dependency: 'getAllTeachers'. Either include it or remove the dependency array                         react-hooks/exhaustive-deps
  Line 28:17:  React Hook React.useEffect has a complex expression in the dependency array. Extract it to a separate variable so it can be statically checked  react-hooks/exhaustive-deps

src/components/templates/admin/teachers/teachersData/unverifiedFieldsModal.js
  Line 60:6:  React Hook React.useEffect has a missing dependency: 'props'. Either include it or remove the dependency array. However, 'props' will change when *any* prop changes, so the preferred fix is to destructure the 'props' object outside of the useEffect call and refer to those specific props inside React.useEffect  react-hooks/exhaustive-deps

src/components/templates/common/findTeacher/FindTeacher.js
  Line 18:9:  'navigate' is assigned a value but never used  no-unused-vars

src/components/templates/common/findTeacher/filterTeacher/Filters.js
  Line 36:9:  'resetRef' is assigned a value but never used                                                                     no-unused-vars
  Line 68:8:  React Hook React.useEffect has a missing dependency: 'setLang'. Either include it or remove the dependency array  react-hooks/exhaustive-deps

src/components/templates/common/findTeacher/filterTeacher/availabilityFIlter/AvailabilityFilter.js
  Line 38:8:  React Hook React.useEffect has a missing dependency: 'setValue'. Either include it or remove the dependency array  react-hooks/exhaustive-deps

src/components/templates/common/findTeacher/filterTeacher/select/Select.js
  Line 4:8:  'Flag' is defined but never used  no-unused-vars

src/components/templates/common/liveStream/liveVidStream.js
  Line 105:6:  React Hook React.useCallback has a missing dependency: 'iceServers'. Either include it or remove the dependency array  react-hooks/exhaustive-deps

src/components/templates/common/messages/index.js
  Line 50:6:    React Hook useEffect has a missing dependency: 'socket'. Either include it or remove the dependency array           react-hooks/exhaustive-deps
  Line 68:6:    React Hook useEffect has a missing dependency: 'socket'. Either include it or remove the dependency array           react-hooks/exhaustive-deps
  Line 82:6:    React Hook useEffect has a missing dependency: 'dispatch'. Either include it or remove the dependency array         react-hooks/exhaustive-deps
  Line 96:6:    React Hook useEffect has a missing dependency: 'dispatch'. Either include it or remove the dependency array         react-hooks/exhaustive-deps
  Line 128:6:   React Hook useEffect has a missing dependency: 'dispatch'. Either include it or remove the dependency array         react-hooks/exhaustive-deps
  Line 187:6:   React Hook useEffect has a missing dependency: 'handleChatClick'. Either include it or remove the dependency array  react-hooks/exhaustive-deps
  Line 244:65:  Array.prototype.map() expects a return value from arrow function                                                    array-callback-return
  Line 275:65:  Array.prototype.map() expects a return value from arrow function                                                    array-callback-return
  Line 374:10:  'otherName' is assigned a value but never used                                                                      no-unused-vars
  Line 374:21:  'setOtherName' is assigned a value but never used                                                                   no-unused-vars
  Line 392:6:   React Hook useEffect has a missing dependency: 'dispatch'. Either include it or remove the dependency array         react-hooks/exhaustive-deps
  Line 399:11:  img elements must have an alt prop, either with meaningful text, or an empty string for decorative images           jsx-a11y/alt-text
  Line 402:11:  img elements must have an alt prop, either with meaningful text, or an empty string for decorative images           jsx-a11y/alt-text

src/components/templates/common/payment/Payment.js
  Line 5:8:    'student' is defined but never used                      no-unused-vars
  Line 46:9:   'monthArr' is assigned a value but never used            no-unused-vars
  Line 51:21:  'setSlotStart' is assigned a value but never used        no-unused-vars
  Line 52:19:  'setSlotEnd' is assigned a value but never used          no-unused-vars
  Line 55:10:  'slotToBookStart' is assigned a value but never used     no-unused-vars
  Line 55:27:  'setSlotToBookStart' is assigned a value but never used  no-unused-vars
  Line 56:10:  'slotToBookEnd' is assigned a value but never used       no-unused-vars
  Line 56:25:  'setSlotToBookEnd' is assigned a value but never used    no-unused-vars
  Line 96:10:  'data' is assigned a value but never used                no-unused-vars

src/components/templates/common/teacherProfile/TeacherProfile.js
  Line 59:6:  React Hook React.useEffect has missing dependencies: 'course._id' and 'course.userId.onType'. Either include them or remove the dependency array  react-hooks/exhaustive-deps

src/components/templates/common/teacherProfile/coupons/Coupons.js
  Line 4:8:    'CouponButton' is defined but never used                                                                                                                                                                                                                                                                                                                                                                       no-unused-vars
  Line 9:27:   'handleSelectCoupon' is assigned a value but never used                                                                                                                                                                                                                                                                                                                                                        no-unused-vars
  Line 9:47:   'selectedCoupon' is assigned a value but never used                                                                                                                                                                                                                                                                                                                                                            no-unused-vars
  Line 14:19:  Effect callbacks are synchronous to prevent race conditions. Put the async function inside:

useEffect(() => {
  async function fetchData() {
    // You can await here
    const response = await MyAPI.getData(someId);
    // ...
  }
  fetchData();
}, [someId]); // Or [] if effect doesn't need props or state

Learn more about data fetching with Hooks: https://reactjs.org/link/hooks-data-fetching  react-hooks/exhaustive-deps
  Line 24:6:   React Hook React.useEffect has a missing dependency: 'dispatch'. Either include it or remove the dependency array                                                                                                                                                                                                                                                                                              react-hooks/exhaustive-deps

src/components/templates/student/Calendar/MyCalendar.js
  Line 3:48:   'Views' is defined but never used                                                                                   no-unused-vars
  Line 13:8:   'moment' is defined but never used                                                                                  no-unused-vars
  Line 24:7:   'DragAndDropCalendar' is assigned a value but never used                                                            no-unused-vars
  Line 37:10:  'eventPopup' is assigned a value but never used                                                                     no-unused-vars
  Line 37:22:  'setEventPopup' is assigned a value but never used                                                                  no-unused-vars
  Line 60:6:   React Hook useEffect has a missing dependency: 'getTeacherAvail'. Either include it or remove the dependency array  react-hooks/exhaustive-deps

src/components/templates/student/Calendar/TrailCalendar.js
  Line 2:8:    'PropTypes' is defined but never used                         no-unused-vars
  Line 22:7:   'DragAndDropCalendar' is assigned a value but never used      no-unused-vars
  Line 29:10:  'popupModal' is assigned a value but never used               no-unused-vars
  Line 29:22:  'setPopupModal' is assigned a value but never used            no-unused-vars
  Line 53:9:   'convertFrom24To12Format' is assigned a value but never used  no-unused-vars

src/components/templates/student/certificates/index.js
  Line 3:8:  'styles' is defined but never used  no-unused-vars

src/components/templates/student/sessions/commonUtils.js
  Line 177:10:  'teacherDetails' is assigned a value but never used  no-unused-vars

src/components/templates/student/sessions/modals/HomeworkModal.js
  Line 25:21:  'setHomeworks' is assigned a value but never used  no-unused-vars

src/components/templates/student/settings/languages/Languages.js
  Line 2:8:  'styles' is defined but never used  no-unused-vars

src/components/templates/student/settings/password/Password.js
  Line 8:12:  'profileId' is assigned a value but never used     no-unused-vars
  Line 8:23:  'setProfileId' is assigned a value but never used  no-unused-vars

src/components/templates/teacher/Calendar/EditEventModal.js
  Line 6:10:  'editAvailability' is defined but never used   no-unused-vars
  Line 15:9:  'dispatch' is assigned a value but never used  no-unused-vars

src/components/templates/teacher/Calendar/MyCalendar.js
  Line 15:10:   'toast' is defined but never used                                                                        no-unused-vars
  Line 22:7:    'DragAndDropCalendar' is assigned a value but never used                                                 no-unused-vars
  Line 124:66:  React Hook useMemo has a missing dependency: 'MyWeek'. Either include it or remove the dependency array  react-hooks/exhaustive-deps

src/components/templates/teacher/availability/availability.js
  Line 23:6:  React Hook React.useEffect has a missing dependency: 'navigate'. Either include it or remove the dependency array  react-hooks/exhaustive-deps

src/components/templates/teacher/coupons/index.js
  Line 16:16:  'setPage' is assigned a value but never used       no-unused-vars
  Line 23:21:  'setActiveTab' is assigned a value but never used  no-unused-vars

src/components/templates/teacher/courses/createCourseModal/createCourseModal.js
  Line 36:6:  React Hook useEffect has a missing dependency: 'setProgramsInput'. Either include it or remove the dependency array    react-hooks/exhaustive-deps
  Line 42:6:  React Hook useEffect has a missing dependency: 'formValues.program'. Either include it or remove the dependency array  react-hooks/exhaustive-deps

src/components/templates/teacher/onboard/SideNav/index.jsx
  Line 16:9:  'handlePageChange' is assigned a value but never used  no-unused-vars

src/components/templates/teacher/onboard/TopNav/TopNav.js
  Line 16:9:  'handlePageChange' is assigned a value but never used  no-unused-vars

src/components/templates/teacher/onboard/index.js
  Line 112:309:  Unnecessary escape character: \-  no-useless-escape

src/components/templates/teacher/onboard/info/index.js
  Line 42:9:  'handleAddDetails' is assigned a value but never used  no-unused-vars

src/components/templates/teacher/sessions/commonUtils.js
  Line 184:12:  'teacherDetails' is assigned a value but never used  no-unused-vars

src/components/templates/teacher/sessions/index.js
  Line 61:65:   Unexpected string concatenation of literals  no-useless-concat
  Line 70:186:  Unexpected string concatenation of literals  no-useless-concat

src/components/templates/teacher/sessions/modals/CancelModal.js
  Line 12:7:  'hours' is assigned a value but never used  no-unused-vars

src/landing/components/Nav.js
  Line 6:10:  'useNavigate' is defined but never used  no-unused-vars

Search for the keywords to learn more about each warning.
To ignore, add // eslint-disable-next-line to the line before.

File sizes after gzip:

  659.57 kB (+9 B)  build/static/js/main.8a9ec6e6.js
  35.96 kB          build/static/css/main.e9856e08.css

The bundle size is significantly larger than recommended.
Consider reducing it with code splitting: https://goo.gl/9VhYWB
You can also analyze the project dependencies: https://goo.gl/LeUzfb

The project was built assuming it is hosted at /.
You can control this with the homepage field in your package.json.

The build folder is ready to be deployed.
You may serve it with a static server:

  npm install -g serve
  serve -s build

Find out more about deployment here:

  https://cra.link/deployment

